[09-Aug-2026 13:21:02 UTC] [ExamMonitor] SQLSTATE[HY093]: Invalid parameter number
#0 C:\Users\hp\Desktop\final_prog\server\app\Aggregator.php(163): PDOStatement->execute(Array)
#1 C:\Users\hp\Desktop\final_prog\server\app\Aggregator.php(110): Aggregator::upsertStudent(Array)
#2 C:\Users\hp\Desktop\final_prog\server\app\Aggregator.php(66): Aggregator::processBatch(Array)
#3 C:\Users\hp\Desktop\final_prog\server\scripts\seed_demo.php(178): Aggregator::process(5000)
#4 {main}
[09-Aug-2026 13:21:02 UTC] PHP Warning:  http_response_code(): Cannot set response code - headers already sent (output started at C:\Users\hp\Desktop\final_prog\server\scripts\seed_demo.php:16) in C:\Users\hp\Desktop\final_prog\server\app\Response.php on line 9
[09-Aug-2026 13:21:02 UTC] PHP Warning:  Cannot modify header information - headers already sent by (output started at C:\Users\hp\Desktop\final_prog\server\scripts\seed_demo.php:16) in C:\Users\hp\Desktop\final_prog\server\app\Response.php on line 10
[09-Aug-2026 13:21:02 UTC] PHP Warning:  Cannot modify header information - headers already sent by (output started at C:\Users\hp\Desktop\final_prog\server\scripts\seed_demo.php:16) in C:\Users\hp\Desktop\final_prog\server\app\Response.php on line 11
[09-Aug-2026 13:22:15 UTC] [ExamMonitor] SQLSTATE[HY093]: Invalid parameter number
#0 C:\Users\hp\Desktop\final_prog\server\app\Aggregator.php(163): PDOStatement->execute(Array)
#1 C:\Users\hp\Desktop\final_prog\server\app\Aggregator.php(110): Aggregator::upsertStudent(Array)
#2 C:\Users\hp\Desktop\final_prog\server\app\Aggregator.php(66): Aggregator::processBatch(Array)
#3 C:\Users\hp\Desktop\final_prog\server\scripts\worker.php(22): Aggregator::process(2000, NULL)
#4 {main}
[09-Aug-2026 14:33:04 UTC] [ExamMonitor] SQLSTATE[HY093]: Invalid parameter number
#0 C:\Users\hp\Desktop\final_prog\server\app\Database.php(36): PDOStatement->execute(Array)
#1 C:\Users\hp\Desktop\final_prog\server\app\Aggregator.php(327): Database::execute('INSERT INTO ses...', Array)
#2 C:\Users\hp\Desktop\final_prog\server\app\Aggregator.php(86): Aggregator::flushSummary('sess_854518_216...', Array)
#3 C:\Users\hp\Desktop\final_prog\server\scripts\worker.php(22): Aggregator::process(2000, NULL)
#4 {main}
[09-Aug-2026 14:36:01 UTC] [ExamMonitor] SQLSTATE[42S22]: Column not found: 1054 Unknown column 'value' in 'field list'
#0 C:\Users\hp\Desktop\final_prog\server\storage\tmp_check.php(3): PDO->query('SELECT value FR...')
#1 C:\Users\hp\Desktop\final_prog\server\storage\tmp_check.php(7): {closure}('SELECT value FR...')
#2 {main}
[09-Aug-2026 14:37:09 UTC] [ExamMonitor] SQLSTATE[HY093]: Invalid parameter number: parameter was not defined
#0 C:\Users\hp\Desktop\final_prog\server\app\Database.php(36): PDOStatement->execute(Array)
#1 C:\Users\hp\Desktop\final_prog\server\app\Aggregator.php(327): Database::execute('INSERT INTO ses...', Array)
#2 C:\Users\hp\Desktop\final_prog\server\app\Aggregator.php(86): Aggregator::flushSummary('sess_547165_341...', Array)
#3 C:\Users\hp\Desktop\final_prog\server\scripts\worker.php(22): Aggregator::process(2000, NULL)
#4 {main}
[09-Aug-2026 15:32:08 UTC] [ExamMonitor] Router::post(): Argument #2 ($handler) must be of type callable, array given, called in C:\Users\hp\Desktop\final_prog\server\public\index.php on line 28
#0 C:\Users\hp\Desktop\final_prog\server\public\index.php(28): Router->post('/telemetry', Array)
#1 {main}
[09-Aug-2026 15:32:21 UTC] [ExamMonitor] Router::post(): Argument #2 ($handler) must be of type callable, array given, called in C:\Users\hp\Desktop\final_prog\server\public\index.php on line 28
#0 C:\Users\hp\Desktop\final_prog\server\public\index.php(28): Router->post('/telemetry', Array)
#1 {main}
[09-Aug-2026 15:33:25 UTC] [ExamMonitor] SQLSTATE[HY000] [2002] No connection could be made because the target machine actively refused it
#0 C:\Users\hp\Desktop\final_prog\server\app\Database.php(27): PDO->__construct('mysql:host=127....', 'root', Object(SensitiveParameterValue), Array)
#1 C:\Users\hp\Desktop\final_prog\server\app\Database.php(60): Database::connection()
#2 C:\Users\hp\Desktop\final_prog\server\app\controllers\TelemetryController.php(54): Database::scalar('SELECT COUNT(*)...')
#3 C:\Users\hp\Desktop\final_prog\server\app\Router.php(47): TelemetryController::health()
#4 C:\Users\hp\Desktop\final_prog\server\public\index.php(63): Router->dispatch('GET', '/telemetry/heal...')
#5 {main}
[09-Aug-2026 15:35:34 UTC] [ExamMonitor] Cannot use positional argument after named argument during unpacking
#0 C:\Users\hp\Desktop\final_prog\server\public\index.php(63): Router->dispatch('GET', '/api/exams/1')
#1 {main}
[09-Aug-2026 15:35:34 UTC] [ExamMonitor] Cannot use positional argument after named argument during unpacking
#0 C:\Users\hp\Desktop\final_prog\server\public\index.php(63): Router->dispatch('GET', '/api/exams/1/st...')
#1 {main}
[09-Aug-2026 15:36:05 UTC] PHP Warning:  Undefined variable $handler in C:\Users\hp\Desktop\final_prog\server\app\Router.php on line 48
[09-Aug-2026 15:36:05 UTC] [ExamMonitor] Value of type null is not callable
#0 C:\Users\hp\Desktop\final_prog\server\public\index.php(63): Router->dispatch('POST', '/api/auth/login')
#1 {main}
[09-Aug-2026 15:36:06 UTC] PHP Warning:  Undefined variable $handler in C:\Users\hp\Desktop\final_prog\server\app\Router.php on line 48
[09-Aug-2026 15:36:06 UTC] [ExamMonitor] Value of type null is not callable
#0 C:\Users\hp\Desktop\final_prog\server\public\index.php(63): Router->dispatch('GET', '/api/exams')
#1 {main}
[09-Aug-2026 15:36:06 UTC] PHP Warning:  Undefined variable $handler in C:\Users\hp\Desktop\final_prog\server\app\Router.php on line 48
[09-Aug-2026 15:36:06 UTC] [ExamMonitor] Value of type null is not callable
#0 C:\Users\hp\Desktop\final_prog\server\public\index.php(63): Router->dispatch('GET', '/api/exams/1')
#1 {main}
[09-Aug-2026 15:36:06 UTC] PHP Warning:  Undefined variable $handler in C:\Users\hp\Desktop\final_prog\server\app\Router.php on line 48
[09-Aug-2026 15:36:06 UTC] [ExamMonitor] Value of type null is not callable
#0 C:\Users\hp\Desktop\final_prog\server\public\index.php(63): Router->dispatch('GET', '/api/exams/1/st...')
#1 {main}
[09-Aug-2026 15:36:06 UTC] PHP Warning:  Undefined variable $handler in C:\Users\hp\Desktop\final_prog\server\app\Router.php on line 48
[09-Aug-2026 15:36:06 UTC] [ExamMonitor] Value of type null is not callable
#0 C:\Users\hp\Desktop\final_prog\server\public\index.php(63): Router->dispatch('GET', '/api/students/1')
#1 {main}
[09-Aug-2026 15:36:06 UTC] PHP Warning:  Undefined variable $handler in C:\Users\hp\Desktop\final_prog\server\app\Router.php on line 48
[09-Aug-2026 15:36:06 UTC] [ExamMonitor] Value of type null is not callable
#0 C:\Users\hp\Desktop\final_prog\server\public\index.php(63): Router->dispatch('GET', '/api/students/1...')
#1 {main}
[09-Aug-2026 15:39:23 UTC] PHP Warning:  Undefined array key "event_count" in C:\Users\hp\Desktop\final_prog\server\app\controllers\StudentController.php on line 66
[09-Aug-2026 15:39:32 UTC] PHP Warning:  Undefined array key "event_count" in C:\Users\hp\Desktop\final_prog\server\app\controllers\StudentController.php on line 66
[14-Aug-2026 06:05:44 UTC] [ExamMonitor] SQLSTATE[42S02]: Base table or view not found: 1146 Table 'exam_monitor.login_attempts' doesn't exist
#0 C:\Users\hp\Desktop\final_prog\server\app\Database.php(60): PDO->prepare('SELECT COUNT(*)...')
#1 C:\Users\hp\Desktop\final_prog\server\app\controllers\AuthController.php(108): Database::scalar('SELECT COUNT(*)...', Array)
#2 C:\Users\hp\Desktop\final_prog\server\app\controllers\AuthController.php(21): AuthController::getLoginAttempts('127.0.0.1')
#3 C:\Users\hp\Desktop\final_prog\server\app\Router.php(48): AuthController::login()
#4 C:\Users\hp\Desktop\final_prog\server\public\index.php(101): Router->dispatch('POST', '/api/auth/login')
#5 {main}
